exports[`ArticleList renders correctly 1`] = `  
`